Last login: Fri Oct 13 21:51:26 on ttys000
(base) kcarjun@kcs-MacBook-Air ~ % cd ~/Desktop/g-t
(base) kcarjun@kcs-MacBook-Air g-t % git init 
Reinitialized existing Git repository in /Users/kcarjun/Desktop/g-t/.git/
(base) kcarjun@kcs-MacBook-Air g-t % git status
On branch main

No commits yet

Untracked files:
  (use "git add <file>..." to include in what will be committed)
	config.js
	index.js

nothing added to commit but untracked files present (use "git add" to track)
(base) kcarjun@kcs-MacBook-Air g-t % git add .
(base) kcarjun@kcs-MacBook-Air g-t % git status
On branch main

No commits yet

Changes to be committed:
  (use "git rm --cached <file>..." to unstage)
	new file:   config.js
	new file:   index.js

(base) kcarjun@kcs-MacBook-Air g-t % git commit-m"version-1
dquote> 
dquote> "
git: 'commit-mversion-1

' is not a git command. See 'git --help'.
(base) kcarjun@kcs-MacBook-Air g-t % git commit -m "Version 1"
[main (root-commit) 4c8d963] Version 1
 Committer: kc arjun <kcarjun@kcs-MacBook-Air.local>
Your name and email address were configured automatically based
on your username and hostname. Please check that they are accurate.
You can suppress this message by setting them explicitly. Run the
following command and follow the instructions in your editor to edit
your configuration file:

    git config --global --edit

After doing this, you may fix the identity used for this commit with:

    git commit --amend --reset-author

 2 files changed, 4 insertions(+)
 create mode 100644 config.js
 create mode 100644 index.js
(base) kcarjun@kcs-MacBook-Air g-t % git config --global --edit
hint: Waiting for your editor to close the file... 
# This is Git's per-user configuration file.
[user]
# Please adapt and uncomment the following lines:
#       name =Aaron K.C.
#       email =aaronkc117@gmail.com



























-- INSERT --
